current directory: /Users/wenhao/Desktop/zhang-lab-site/vendor/bundle/ruby/4.0.0/gems/bigdecimal-4.1.3/ext/bigdecimal
/opt/homebrew/opt/ruby/bin/ruby extconf.rb --with-cflags\=-O2 -g0
checking for __builtin_clz()... yes
checking for __builtin_clzl()... yes
checking for __builtin_clzll()... yes
checking for float.h... yes
checking for math.h... yes
checking for stdbool.h... yes
checking for stdlib.h... yes
checking for x86intrin.h... no
checking for intrin.h... no
checking for ruby/atomic.h... yes
checking for ruby/internal/has/builtin.h... yes
checking for ruby/internal/static_assert.h... yes
checking for rb_complex_real() in ruby.h... yes
checking for rb_complex_imag() in ruby.h... yes
checking for rb_opts_exception_p() in ruby.h... yes
checking for rb_category_warn() in ruby.h... yes
checking for RB_WARN_CATEGORY_DEPRECATED in ruby.h... yes
checking for RUBY_TYPED_EMBEDDABLE in ruby.h... yes
creating Makefile

current directory: /Users/wenhao/Desktop/zhang-lab-site/vendor/bundle/ruby/4.0.0/gems/bigdecimal-4.1.3/ext/bigdecimal
make -j11 DESTDIR\= sitearchdir\=./.gem.20261003-43879-o6u60m sitelibdir\=./.gem.20261003-43879-o6u60m clean

current directory: /Users/wenhao/Desktop/zhang-lab-site/vendor/bundle/ruby/4.0.0/gems/bigdecimal-4.1.3/ext/bigdecimal
make -j11 DESTDIR\= sitearchdir\=./.gem.20261003-43879-o6u60m sitelibdir\=./.gem.20261003-43879-o6u60m
compiling bigdecimal.c
compiling missing.c
linking shared-object bigdecimal.bundle
make: *** [bigdecimal.bundle] Error 1

make failed, exit code 2
