current directory: /Users/wenhao/Desktop/zhang-lab-site/vendor/bundle/ruby/4.0.0/gems/eventmachine-1.2.7/ext
/opt/homebrew/opt/ruby/bin/ruby extconf.rb --with-cflags\=-O2 -g0
checking for pkg-config for openssl... not found
checking for -lcrypto... yes
checking for -lssl... yes
checking for openssl/ssl.h... yes
checking for openssl/err.h... yes
checking for rb_trap_immediate in ruby.h,rubysig.h... no
checking for rb_thread_blocking_region()... no
checking for rb_thread_call_without_gvl() in ruby/thread.h... yes
checking for rb_thread_fd_select()... yes
checking for rb_fdset_t in ruby/intern.h... yes
checking for rb_wait_for_single_fd()... yes
checking for rb_enable_interrupt()... no
checking for rb_time_new()... yes
checking for inotify_init() in sys/inotify.h... no
checking for __NR_inotify_init in sys/syscall.h... no
checking for writev() in sys/uio.h... yes
checking for pipe2() in unistd.h... no
checking for accept4() in sys/socket.h... no
checking for SOCK_CLOEXEC in sys/socket.h... no
checking for sys/event.h... yes
checking for sys/queue.h... yes
checking for clock_gettime()... yes
checking for CLOCK_MONOTONIC_RAW in time.h... yes
checking for CLOCK_MONOTONIC in time.h... yes
CXXFLAGS=-fdeclspec -Wall -Wextra -Wno-deprecated-declarations -Wno-ignored-qualifiers -Wno-unused-result -Wno-address
creating Makefile

current directory: /Users/wenhao/Desktop/zhang-lab-site/vendor/bundle/ruby/4.0.0/gems/eventmachine-1.2.7/ext
make -j11 DESTDIR\= sitearchdir\=./.gem.20261003-43879-2wxuzz sitelibdir\=./.gem.20261003-43879-2wxuzz clean

current directory: /Users/wenhao/Desktop/zhang-lab-site/vendor/bundle/ruby/4.0.0/gems/eventmachine-1.2.7/ext
make -j11 DESTDIR\= sitearchdir\=./.gem.20261003-43879-2wxuzz sitelibdir\=./.gem.20261003-43879-2wxuzz
compiling binder.cpp
compiling cmain.cpp
compiling ed.cpp
compiling em.cpp
compiling kb.cpp
compiling page.cpp
compiling pipe.cpp
compiling ssl.cpp
compiling rubymain.cpp
ssl.cpp:216:9: warning: 'PEM_read_bio_DHparams' is deprecated [-Wdeprecated-declarations]
  216 |                         dh = PEM_read_bio_DHparams(bio, NULL, NULL, NULL);
      |                              ^
/opt/homebrew/opt/openssl@3/include/openssl/pem.h:479:21: note: 'PEM_read_bio_DHparams' has been explicitly marked deprecated here
  479 | DECLARE_PEM_rw_attr(OSSL_DEPRECATEDIN_3_0, DHparams, DH)
      |                     ^
/opt/homebrew/opt/openssl@3/include/openssl/macros.h:228:31: note: expanded from macro 'OSSL_DEPRECATEDIN_3_0'
  228 | #define OSSL_DEPRECATEDIN_3_0 OSSL_DEPRECATED(3.0)
      |                               ^
/opt/homebrew/opt/openssl@3/include/openssl/macros.h:61:47: note: expanded from macro 'OSSL_DEPRECATED'
   61 | #define OSSL_DEPRECATED(since) __attribute__((deprecated))
      |                                               ^
ssl.cpp:227:4: warning: 'DH_free' is deprecated [-Wdeprecated-declarations]
  227 |                         DH_free(dh);
      |                         ^
/opt/homebrew/opt/openssl@3/include/openssl/dh.h:211:1: note: 'DH_free' has been explicitly marked deprecated here
  211 | OSSL_DEPRECATEDIN_3_0 void DH_free(DH *dh);
      | ^
/opt/homebrew/opt/openssl@3/include/openssl/macros.h:228:31: note: expanded from macro 'OSSL_DEPRECATEDIN_3_0'
  228 | #define OSSL_DEPRECATEDIN_3_0 OSSL_DEPRECATED(3.0)
      |                               ^
/opt/homebrew/opt/openssl@3/include/openssl/macros.h:61:47: note: expanded from macro 'OSSL_DEPRECATED'
   61 | #define OSSL_DEPRECATED(since) __attribute__((deprecated))
      |                                               ^
ssl.cpp:243:12: warning: 'EC_KEY_new_by_curve_name' is deprecated [-Wdeprecated-declarations]
  243 |                                 ecdh = EC_KEY_new_by_curve_name(nid);
      |                                        ^
/opt/homebrew/opt/openssl@3/include/openssl/ec.h:1009:1: note: 'EC_KEY_new_by_curve_name' has been explicitly marked deprecated here
 1009 | OSSL_DEPRECATEDIN_3_0 EC_KEY *EC_KEY_new_by_curve_name(int nid);
      | ^
/opt/homebrew/opt/openssl@3/include/openssl/macros.h:228:31: note: expanded from macro 'OSSL_DEPRECATEDIN_3_0'
  228 | #define OSSL_DEPRECATEDIN_3_0 OSSL_DEPRECATED(3.0)
      |                               ^
/opt/homebrew/opt/openssl@3/include/openssl/macros.h:61:47: note: expanded from macro 'OSSL_DEPRECATED'
   61 | #define OSSL_DEPRECATED(since) __attribute__((deprecated))
      |                                               ^
ssl.cpp:254:5: warning: 'EC_KEY_free' is deprecated [-Wdeprecated-declarations]
  254 |                                 EC_KEY_free(ecdh);
      |                                 ^
/opt/homebrew/opt/openssl@3/include/openssl/ec.h:1014:1: note: 'EC_KEY_free' has been explicitly marked deprecated here
 1014 | OSSL_DEPRECATEDIN_3_0 void EC_KEY_free(EC_KEY *key);
      | ^
/opt/homebrew/opt/openssl@3/include/openssl/macros.h:228:31: note: expanded from macro 'OSSL_DEPRECATEDIN_3_0'
  228 | #define OSSL_DEPRECATEDIN_3_0 OSSL_DEPRECATED(3.0)
      |                               ^
/opt/homebrew/opt/openssl@3/include/openssl/macros.h:61:47: note: expanded from macro 'OSSL_DEPRECATED'
   61 | #define OSSL_DEPRECATED(since) __attribute__((deprecated))
      |                                               ^
4 warnings generated.
rubymain.cpp:220:3: warning: 'rb_rescue' is deprecated: Use of ANYARGS in this function is deprecated [-Wdeprecated-declarations]
  220 |                 rb_rescue((VALUE (*)(ANYARGS))event_callback, (VALUE)&e, (VALUE (*)(ANYARGS))event_error_handler, Qnil);
      |                 ^
/opt/homebrew/Cellar/ruby/4.0.2/include/ruby-4.0.0/ruby/backward/cxxanyargs.hpp:246:1: note: 'rb_rescue' has been explicitly marked deprecated here
  246 | RUBY_CXX_DEPRECATED("Use of ANYARGS in this function is deprecated")
      | ^
/opt/homebrew/Cellar/ruby/4.0.2/include/ruby-4.0.0/ruby/backward/2/attributes.h:79:35: note: expanded from macro 'RUBY_CXX_DEPRECATED'
   79 | #define RUBY_CXX_DEPRECATED(mseg) RBIMPL_ATTR_DEPRECATED((mseg))
      |                                   ^
/opt/homebrew/Cellar/ruby/4.0.2/include/ruby-4.0.0/ruby/internal/attr/deprecated.h:36:53: note: expanded from macro 'RBIMPL_ATTR_DEPRECATED'
   36 | # define RBIMPL_ATTR_DEPRECATED(msg) __attribute__((__deprecated__ msg))
      |                                                     ^
em.cpp:2119:3: warning: 'sprintf' is deprecated: This function is provided for compatibility reasons only.  Due to security concerns inherent in the design of sprintf(3), it is highly recommended that you use snprintf(3) instead. [-Wdeprecated-declarations]
 2119 |                 sprintf(errbuf, "failed to register file watch descriptor with kqueue: %s", strerror(errno));
      |                 ^
/Library/Developer/CommandLineTools/SDKs/MacOSX.sdk/usr/include/_stdio.h:278:1: note: 'sprintf' has been explicitly marked deprecated here
  278 | __deprecated_msg("This function is provided for compatibility reasons only.  Due to security concerns inherent in the design of sprintf(3), it is highly recommended that you use snprintf(3) instead.")
      | ^
/Library/Developer/CommandLineTools/SDKs/MacOSX.sdk/usr/include/sys/cdefs.h:227:48: note: expanded from macro '__deprecated_msg'
  227 |         #define __deprecated_msg(_msg) __attribute__((__deprecated__(_msg)))
      |                                                       ^
em.cpp:2186:3: warning: 'sprintf' is deprecated: This function is provided for compatibility reasons only.  Due to security concerns inherent in the design of sprintf(3), it is highly recommended that you use snprintf(3) instead. [-Wdeprecated-declarations]
 2186 |                 sprintf(errbuf, "error registering file %s for watching: %s", fpath, strerror(errno));
      |                 ^
/Library/Developer/CommandLineTools/SDKs/MacOSX.sdk/usr/include/_stdio.h:278:1: note: 'sprintf' has been explicitly marked deprecated here
  278 | __deprecated_msg("This function is provided for compatibility reasons only.  Due to security concerns inherent in the design of sprintf(3), it is highly recommended that you use snprintf(3) instead.")
      | ^
/Library/Developer/CommandLineTools/SDKs/MacOSX.sdk/usr/include/sys/cdefs.h:227:48: note: expanded from macro '__deprecated_msg'
  227 |         #define __deprecated_msg(_msg) __attribute__((__deprecated__(_msg)))
      |                                                       ^
em.cpp:2214:3: warning: 'sprintf' is deprecated: This function is provided for compatibility reasons only.  Due to security concerns inherent in the design of sprintf(3), it is highly recommended that you use snprintf(3) instead. [-Wdeprecated-declarations]
 2214 |                 sprintf(errbuf, "failed to open file %s for registering with kqueue: %s", fpath, strerror(errno));
      |                 ^
/Library/Developer/CommandLineTools/SDKs/MacOSX.sdk/usr/include/_stdio.h:278:1: note: 'sprintf' has been explicitly marked deprecated here
  278 | __deprecated_msg("This function is provided for compatibility reasons only.  Due to security concerns inherent in the design of sprintf(3), it is highly recommended that you use snprintf(3) instead.")
      | ^
/Library/Developer/CommandLineTools/SDKs/MacOSX.sdk/usr/include/sys/cdefs.h:227:48: note: expanded from macro '__deprecated_msg'
  227 |         #define __deprecated_msg(_msg) __attribute__((__deprecated__(_msg)))
      |                                                       ^
em.cpp:2365:3: warning: 'sprintf' is deprecated: This function is provided for compatibility reasons only.  Due to security concerns inherent in the design of sprintf(3), it is highly recommended that you use snprintf(3) instead. [-Wdeprecated-declarations]
 2365 |                 sprintf(errbuf, "failed to register file watch descriptor with kqueue: %s", strerror(errno));
      |                 ^
/Library/Developer/CommandLineTools/SDKs/MacOSX.sdk/usr/include/_stdio.h:278:1: note: 'sprintf' has been explicitly marked deprecated here
  278 | __deprecated_msg("This function is provided for compatibility reasons only.  Due to security concerns inherent in the design of sprintf(3), it is highly recommended that you use snprintf(3) instead.")
      | ^
/Library/Developer/CommandLineTools/SDKs/MacOSX.sdk/usr/include/sys/cdefs.h:227:48: note: expanded from macro '__deprecated_msg'
  227 |         #define __deprecated_msg(_msg) __attribute__((__deprecated__(_msg)))
      |                                                       ^
1 warning generated.
4 warnings generated.
linking shared-object rubyeventmachine.bundle
make: *** [rubyeventmachine.bundle] Error 1

make failed, exit code 2
